// Jest Snapshot v1, https://goo.gl/fbAQLP

exports[`CategoriesController getGalleryById Returns gallery details 1`] = `
Object {
  "artists": Array [
    Object {
      "id": 578389,
      "name": "qui",
      "tagged": 35531,
      "uri": "https://ill-gazelle.biz",
    },
    Object {
      "id": 771594,
      "name": "omnis",
      "tagged": 90337,
      "uri": "https://foolish-accelerant.net",
    },
    Object {
      "id": 326644,
      "name": "et",
      "tagged": 15292,
      "uri": "https://meek-addition.org",
    },
  ],
  "categories": Array [
    Object {
      "id": 470640,
      "name": "impedit",
      "tagged": 35726,
      "uri": "https://slippery-owl.info",
    },
    Object {
      "id": 929436,
      "name": "perferendis",
      "tagged": 26900,
      "uri": "https://relieved-mechanic.org",
    },
    Object {
      "id": 472474,
      "name": "quasi",
      "tagged": 17234,
      "uri": "http://shameless-tub.biz",
    },
  ],
  "characters": Array [
    Object {
      "id": 66000,
      "name": "optio",
      "tagged": 46431,
      "uri": "http://similar-lender.net",
    },
    Object {
      "id": 49304,
      "name": "quia",
      "tagged": 92302,
      "uri": "https://masculine-campaign.biz",
    },
    Object {
      "id": 26210,
      "name": "sit",
      "tagged": 39631,
      "uri": "http://altruistic-lettuce.biz",
    },
  ],
  "groups": Array [
    Object {
      "id": 288717,
      "name": "aut",
      "tagged": 86002,
      "uri": "https://elliptical-meeting.org",
    },
    Object {
      "id": 124173,
      "name": "voluptas",
      "tagged": 27831,
      "uri": "http://feline-boatyard.name",
    },
    Object {
      "id": 417926,
      "name": "similique",
      "tagged": 96959,
      "uri": "https://handmade-alarm.net",
    },
  ],
  "id": 1,
  "internalId": 763232,
  "languages": Array [
    Object {
      "id": 232974,
      "name": "et",
      "tagged": 28976,
      "uri": "https://strange-opponent.info",
    },
    Object {
      "id": 751872,
      "name": "molestiae",
      "tagged": 86354,
      "uri": "https://incomparable-mesenchyme.info",
    },
    Object {
      "id": 59917,
      "name": "dolores",
      "tagged": 36190,
      "uri": "http://clever-tweezers.com",
    },
  ],
  "name": Object {
    "after": "et dolorum architecto",
    "before": "delectus aut nam",
    "content": "Repellendus hic veritatis.",
  },
  "pages": 26992,
  "parodies": Array [
    Object {
      "id": 781957,
      "name": "sint",
      "tagged": 10749,
      "uri": "http://perfect-question.com",
    },
    Object {
      "id": 12555,
      "name": "natus",
      "tagged": 65432,
      "uri": "http://bite-sized-east.org",
    },
    Object {
      "id": 274644,
      "name": "ea",
      "tagged": 56810,
      "uri": "http://black-and-white-descent.com",
    },
  ],
  "tags": Array [
    Object {
      "id": 195429,
      "name": "maxime",
      "tagged": 16161,
      "uri": "https://oblong-fuel.org",
    },
    Object {
      "id": 740954,
      "name": "ab",
      "tagged": 84682,
      "uri": "http://focused-know-how.biz",
    },
    Object {
      "id": 828980,
      "name": "dolorum",
      "tagged": 98175,
      "uri": "https://crushing-rowboat.com",
    },
  ],
  "thumbnail": "https://silky-highlight.org",
  "uploadDate": "2020-06-19T07:52:23.936Z",
}
`;

exports[`CategoriesController getGalleryById Returns gallery details 2`] = `
Object {
  "artists": Array [
    Object {
      "id": 264919,
      "name": "libero",
      "tagged": 46215,
      "uri": "http://beneficial-safeguard.info",
    },
    Object {
      "id": 74258,
      "name": "non",
      "tagged": 62971,
      "uri": "http://bruised-rip.com",
    },
    Object {
      "id": 260314,
      "name": "et",
      "tagged": 35646,
      "uri": "http://stingy-cephalopod.biz",
    },
  ],
  "categories": Array [
    Object {
      "id": 576583,
      "name": "non",
      "tagged": 63946,
      "uri": "https://tedious-transportation.name",
    },
    Object {
      "id": 65961,
      "name": "voluptatem",
      "tagged": 32451,
      "uri": "https://serene-loggia.net",
    },
    Object {
      "id": 165405,
      "name": "id",
      "tagged": 90781,
      "uri": "https://red-aftermath.info",
    },
  ],
  "characters": Array [
    Object {
      "id": 616777,
      "name": "ut",
      "tagged": 72855,
      "uri": "https://weak-granola.org",
    },
    Object {
      "id": 203510,
      "name": "molestiae",
      "tagged": 55665,
      "uri": "https://aching-patrolling.org",
    },
    Object {
      "id": 485990,
      "name": "reprehenderit",
      "tagged": 29451,
      "uri": "http://oval-aluminium.name",
    },
  ],
  "groups": Array [
    Object {
      "id": 808337,
      "name": "qui",
      "tagged": 92618,
      "uri": "https://handsome-graduate.name",
    },
    Object {
      "id": 173955,
      "name": "sapiente",
      "tagged": 3484,
      "uri": "http://coarse-bellows.com",
    },
    Object {
      "id": 12712,
      "name": "eligendi",
      "tagged": 50566,
      "uri": "http://jubilant-vane.org",
    },
  ],
  "id": 2,
  "internalId": 651119,
  "languages": Array [
    Object {
      "id": 15018,
      "name": "dolorem",
      "tagged": 33418,
      "uri": "http://defenseless-breeze.biz",
    },
    Object {
      "id": 885688,
      "name": "quas",
      "tagged": 13099,
      "uri": "https://mindless-figure.biz",
    },
    Object {
      "id": 582013,
      "name": "earum",
      "tagged": 35458,
      "uri": "https://twin-deadline.org",
    },
  ],
  "name": Object {
    "after": "provident doloribus aut",
    "before": "similique blanditiis voluptatem",
    "content": "Ratione vel molestias omnis numquam maxime sint.",
  },
  "pages": 7002,
  "parodies": Array [
    Object {
      "id": 965725,
      "name": "voluptatem",
      "tagged": 90539,
      "uri": "http://inconsequential-masterpiece.info",
    },
    Object {
      "id": 285718,
      "name": "quibusdam",
      "tagged": 57706,
      "uri": "http://limp-vegetable.name",
    },
    Object {
      "id": 952830,
      "name": "ipsam",
      "tagged": 1553,
      "uri": "https://dull-honor.biz",
    },
  ],
  "tags": Array [
    Object {
      "id": 315244,
      "name": "consequatur",
      "tagged": 86380,
      "uri": "http://unique-slider.name",
    },
    Object {
      "id": 191260,
      "name": "perspiciatis",
      "tagged": 18401,
      "uri": "https://old-operation.com",
    },
    Object {
      "id": 420193,
      "name": "illo",
      "tagged": 1587,
      "uri": "http://rapid-gravitas.org",
    },
  ],
  "thumbnail": "http://stupendous-obstacle.net",
  "uploadDate": "2020-10-12T23:27:48.926Z",
}
`;

exports[`CategoriesController getGalleryById Returns gallery details 3`] = `
Object {
  "artists": Array [
    Object {
      "id": 858312,
      "name": "placeat",
      "tagged": 7472,
      "uri": "http://similar-series.net",
    },
    Object {
      "id": 4663,
      "name": "ut",
      "tagged": 86447,
      "uri": "http://fair-plier.info",
    },
    Object {
      "id": 382102,
      "name": "qui",
      "tagged": 35981,
      "uri": "http://illiterate-alphabet.info",
    },
  ],
  "categories": Array [
    Object {
      "id": 130194,
      "name": "provident",
      "tagged": 31738,
      "uri": "https://necessary-hobbit.biz",
    },
    Object {
      "id": 677800,
      "name": "aut",
      "tagged": 42107,
      "uri": "https://discrete-divorce.info",
    },
    Object {
      "id": 219866,
      "name": "aut",
      "tagged": 34334,
      "uri": "https://amusing-swordfish.org",
    },
  ],
  "characters": Array [
    Object {
      "id": 662719,
      "name": "et",
      "tagged": 78209,
      "uri": "https://far-aim.biz",
    },
    Object {
      "id": 540718,
      "name": "ullam",
      "tagged": 85489,
      "uri": "https://tinted-shower.biz",
    },
    Object {
      "id": 733141,
      "name": "sunt",
      "tagged": 8354,
      "uri": "http://massive-hybridisation.net",
    },
  ],
  "groups": Array [
    Object {
      "id": 67031,
      "name": "sit",
      "tagged": 56885,
      "uri": "http://strong-fiberglass.name",
    },
    Object {
      "id": 377923,
      "name": "et",
      "tagged": 77285,
      "uri": "https://blue-damn.org",
    },
    Object {
      "id": 281216,
      "name": "quae",
      "tagged": 18161,
      "uri": "https://treasured-surroundings.com",
    },
  ],
  "id": 3,
  "internalId": 576903,
  "languages": Array [
    Object {
      "id": 569493,
      "name": "est",
      "tagged": 66033,
      "uri": "http://curly-lode.info",
    },
    Object {
      "id": 475152,
      "name": "et",
      "tagged": 34517,
      "uri": "http://thankful-neurobiologist.org",
    },
    Object {
      "id": 916304,
      "name": "enim",
      "tagged": 13928,
      "uri": "https://unwieldy-instrumentalist.biz",
    },
  ],
  "name": Object {
    "after": "nesciunt eum non",
    "before": "aut vitae id",
    "content": "Esse et ut quis cumque officia optio.",
  },
  "pages": 40,
  "parodies": Array [
    Object {
      "id": 440827,
      "name": "eius",
      "tagged": 11089,
      "uri": "http://lavish-laptop.biz",
    },
    Object {
      "id": 208194,
      "name": "qui",
      "tagged": 891,
      "uri": "https://everlasting-pocket.org",
    },
    Object {
      "id": 157579,
      "name": "illo",
      "tagged": 41584,
      "uri": "https://overcooked-custody.biz",
    },
  ],
  "tags": Array [
    Object {
      "id": 515856,
      "name": "aut",
      "tagged": 89051,
      "uri": "https://large-craft.com",
    },
    Object {
      "id": 680439,
      "name": "velit",
      "tagged": 62180,
      "uri": "https://cruel-phenomenon.name",
    },
    Object {
      "id": 751527,
      "name": "qui",
      "tagged": 98806,
      "uri": "http://early-assumption.name",
    },
  ],
  "thumbnail": "https://specific-garage.biz",
  "uploadDate": "2019-12-15T19:38:18.216Z",
}
`;

exports[`CategoriesController getGalleryById Returns only requested fields 1`] = `
Object {
  "id": 1,
  "thumbnail": "https://silky-highlight.org",
}
`;
