// Jest Snapshot v1, https://goo.gl/fbAQLP

exports[`CategoriesController getTagById returns tag details 1`] = `
Object {
  "category": "groups",
  "id": 486344,
  "name": "nesciunt",
  "tagged": 75934,
  "uri": "http://primary-bassoon.com",
}
`;

exports[`CategoriesController getTagsByCategory correctly filters values for all categories: artists 1`] = `
Object {
  "data": Array [
    Object {
      "category": "artists",
      "id": 39054,
      "name": "debitis",
      "tagged": 86502,
      "uri": "https://svelte-bit.net",
    },
  ],
  "pagination": Object {
    "page": 1,
    "total": 22,
  },
}
`;

exports[`CategoriesController getTagsByCategory correctly filters values for all categories: characters 1`] = `
Object {
  "data": Array [
    Object {
      "category": "characters",
      "id": 692321,
      "name": "et",
      "tagged": 71597,
      "uri": "https://sticky-epoch.com",
    },
    Object {
      "category": "characters",
      "id": 685218,
      "name": "qui",
      "tagged": 93553,
      "uri": "https://testy-head.biz",
    },
  ],
  "pagination": Object {
    "page": 1,
    "total": 18,
  },
}
`;

exports[`CategoriesController getTagsByCategory correctly filters values for all categories: groups 1`] = `
Object {
  "data": Array [
    Object {
      "category": "groups",
      "id": 302332,
      "name": "esse",
      "tagged": 99718,
      "uri": "https://villainous-atm.com",
    },
    Object {
      "category": "groups",
      "id": 670466,
      "name": "sed",
      "tagged": 44345,
      "uri": "https://electric-analytics.name",
    },
  ],
  "pagination": Object {
    "page": 1,
    "total": 15,
  },
}
`;

exports[`CategoriesController getTagsByCategory correctly filters values for all categories: parodies 1`] = `
Object {
  "data": Array [
    Object {
      "category": "parodies",
      "id": 198101,
      "name": "esse",
      "tagged": 45720,
      "uri": "https://incredible-cayenne.org",
    },
    Object {
      "category": "parodies",
      "id": 421107,
      "name": "ipsum",
      "tagged": 5924,
      "uri": "https://querulous-bottom-line.name",
    },
    Object {
      "category": "parodies",
      "id": 750143,
      "name": "nobis",
      "tagged": 78331,
      "uri": "https://imaginary-airship.com",
    },
    Object {
      "category": "parodies",
      "id": 345560,
      "name": "ratione",
      "tagged": 23608,
      "uri": "http://humiliating-commotion.info",
    },
  ],
  "pagination": Object {
    "page": 1,
    "total": 21,
  },
}
`;

exports[`CategoriesController getTagsByCategory correctly filters values for all categories: tags 1`] = `
Object {
  "data": Array [
    Object {
      "category": "tags",
      "id": 315515,
      "name": "a",
      "tagged": 41178,
      "uri": "https://disastrous-prince.biz",
    },
  ],
  "pagination": Object {
    "page": 1,
    "total": 24,
  },
}
`;

exports[`CategoriesController getTagsByCategory get value by popularity in first page 1`] = `
Object {
  "data": Array [
    Object {
      "category": "artists",
      "id": 39054,
      "name": "debitis",
      "tagged": 86502,
      "uri": "https://svelte-bit.net",
    },
  ],
  "pagination": Object {
    "page": 1,
    "total": 22,
  },
}
`;

exports[`CategoriesController getTagsByCategory get values by name in any page 1`] = `
Object {
  "data": Array [
    Object {
      "category": "artists",
      "id": 789278,
      "name": "doloribus",
      "tagged": 66063,
      "uri": "https://focused-downgrade.info",
    },
    Object {
      "category": "artists",
      "id": 699757,
      "name": "sunt",
      "tagged": 61393,
      "uri": "http://well-groomed-needle.biz",
    },
  ],
  "pagination": Object {
    "page": 2,
    "total": 22,
  },
}
`;

exports[`CategoriesController getTagsByCategory get values by name in first page 1`] = `
Object {
  "data": Array [
    Object {
      "category": "artists",
      "id": 39054,
      "name": "debitis",
      "tagged": 86502,
      "uri": "https://svelte-bit.net",
    },
  ],
  "pagination": Object {
    "page": 1,
    "total": 22,
  },
}
`;

exports[`CategoriesController getTagsByCategoryAndLetter returns all values starting with letter 1`] = `
Array [
  Object {
    "category": "artists",
    "id": 828844,
    "name": "autem",
    "tagged": 25470,
    "uri": "https://boiling-obesity.com",
  },
]
`;

exports[`CategoriesController searchTag returns tags matching query 1`] = `
Array [
  Object {
    "category": "artists",
    "id": 798603,
    "name": "inventore",
    "tagged": 87985,
    "uri": "https://keen-councilman.net",
  },
  Object {
    "category": "artists",
    "id": 203906,
    "name": "dignissimos",
    "tagged": 55552,
    "uri": "https://far-working.info",
  },
  Object {
    "category": "artists",
    "id": 370083,
    "name": "libero",
    "tagged": 46215,
    "uri": "http://competent-baritone.net",
  },
  Object {
    "category": "artists",
    "id": 878831,
    "name": "nisi",
    "tagged": 28147,
    "uri": "https://grimy-mozzarella.org",
  },
  Object {
    "category": "artists",
    "id": 599109,
    "name": "quibusdam",
    "tagged": 57706,
    "uri": "http://coarse-kinase.org",
  },
  Object {
    "category": "artists",
    "id": 39054,
    "name": "debitis",
    "tagged": 86502,
    "uri": "https://svelte-bit.net",
  },
  Object {
    "category": "artists",
    "id": 22330,
    "name": "modi",
    "tagged": 4830,
    "uri": "https://unrealistic-self-control.net",
  },
  Object {
    "category": "artists",
    "id": 789278,
    "name": "doloribus",
    "tagged": 66063,
    "uri": "https://focused-downgrade.info",
  },
  Object {
    "category": "artists",
    "id": 949015,
    "name": "perferendis",
    "tagged": 42681,
    "uri": "http://second-orient.net",
  },
]
`;
